// Jest Snapshot v1, https://goo.gl/fbAQLP

exports[`createUpdatePayload if publishedComic does not exist i.e. initial publish of this comic should add all cells from the passed comic to the payload 1`] = `
Array [
  Object {
    "caption": "some caption!!!",
    "previousCellUrlId": null,
    "studioState": Object {
      "caption": "some caption!!!",
    },
    "urlId": "ffHbrqSDXx",
  },
  Object {
    "caption": "some caption!!!",
    "previousCellUrlId": "ffHbrqSDXx",
    "studioState": Object {
      "caption": "some caption!!!",
    },
    "urlId": "abCDefGHi",
  },
]
`;

exports[`createUpdatePayload if publishedComic does not exist i.e. initial publish of this comic should set \`initialCellId\` to the first cell in the passed comic 1`] = `"ffHbrqSDXx"`;
