// Jest Snapshot v1, https://goo.gl/fbAQLP

exports[`models/Comics createNewComic should create the new Comic with the given userId 1`] = `
Object {
  "creator_user_id": "userId",
  "title": "",
  "url_id": "mockGeneratdId",
}
`;

exports[`models/Comics createNewComic should return the comic 1`] = `
Object {
  "creator_user_id": "userId",
  "title": "",
  "url_id": "mockGeneratdId",
}
`;
